[
  [
    "Attribute",
    "foo",
    [ "Fun_call", [ "foo", [ [ "Ellipsis", [ "Id", "i" ] ] ] ] ]
  ]
]
