Expected "value" portion of object key-value pair.
