Expected expression in "in" section of object for definition.
