Expected expression in "value" clause of "for", found symbol.
