Identifier or integer expected as attribute to object.
