Unexpected closing parenthesis, brace, or bracket found.
