Unexpected expression found after index operator.
