Ellipsis operator only valid as last element of tuple.
