Unexpected literal or identifier found following binary operation.
