Unexpected literal or identifier found after literal in second operand of not equals operation.
