Unexpected closing parenthesis or bracket in for definition.
