Expected expression after in-clause in tuple for definition.
