Unexpected symbol found in "then" clause of conditional.
