Expected operator in "else" clause of conditional but found expression.
