Expected (=) for attribute definition or block labels for block definition.
