Expected expression in function call, found symbol.
