Open bracket followed by invalid closing parenthesis or brace.
