Expected expression in "value" portion of key-value pair, found symbol.
