Expected identifier in for definition, found literal.
