Unexpected closing parenthesis or bracket in object definition.
