Expected operator in "in" clause of "for", found expression.
