Unexpected parenthesis or bracket in condition section of object for definition.
