Ellipsis operator only valid as less argument in function call.
