Unexpected closing parenthesis or brace in tuple definition.
