Unexpected closing brace or bracket found in function call.
