Expected operator after unary operation, found expression.
