Expected expression in value section of key-value pair in "value" clause of "for".
