Expected closing parenthesis in function call, found brace or bracket.
