Expected expression in "in" section of tuple for definition.
