Expected operator after function call, found unexpected symbol or expression.
