Expected expression in index operator, found symbol.
