Comma required between multiple identifiers in "for".
