Expression expected in condition section of object for definition.
