Expected closing bracket of tuple for definition.
