Expected operator in "value" clause of "for", found expression.
