Unexpected literal for attribute name, expected an identifier or integer.
