Expected expression after opening brace, found symbol.
