Expected expression for function argument, found symbol.
