Expression expected in "else" section of condition.
