Expected operation after value, found identifier or literal.
