Expected equals (=) if an attribute or block labels if a block, found a non-string literal.
