Expected block labels, which are strings or identifiers, found a non-string literal.
