Expected identifier for attribute or block definition.
